
> react-kavia@0.1.0 start
> cross-env EDIT_MODE=true webpack serve --config .ve/webpack.config.js --mode development

<i> [webpack-dev-server] Project is running at:
<i> [webpack-dev-server] Loopback: http://localhost:3000/, http://[::1]:3000/
<i> [webpack-dev-server] On Your Network (IPv4): http://172.17.0.2:3000/
<i> [webpack-dev-server] Content not from webpack is served from './public' directory
<i> [webpack-dev-middleware] wait until bundle finished: /
<i> [webpack-dev-middleware] wait until bundle finished: /
<i> [webpack-dev-middleware] wait until bundle finished: /
Injecting EditorRootWrapper import: ../.ve/EditorRootWrapper
asset bundle.js 1.46 MiB [emitted] (name: main)
asset index.html 1.98 KiB [emitted]
runtime modules 27.5 KiB 14 modules
cacheable modules 1.31 MiB
  modules by path ./node_modules/ 1.24 MiB 31 modules
  modules by path ./src/ 52.3 KiB
    modules by path ./src/components/ 20.4 KiB 8 modules
    modules by path ./src/*.css 8.05 KiB 4 modules
    modules by path ./src/*.js 23.8 KiB
      ./src/index.js 575 bytes [built] [code generated]
      ./src/App.js 23.2 KiB [built] [code generated]
  modules by path ./.ve/ 15.1 KiB
    modules by path ./.ve/*.js 10.6 KiB 2 modules
    modules by path ./.ve/*.css 2.93 KiB 2 modules
    ./.ve/EditorOverlay.jsx 1.58 KiB [built] [code generated]
webpack 5.99.9 compiled successfully in 1277 ms
assets by status 1.98 KiB [cached] 1 asset
assets by path *.js 1.51 MiB
  asset bundle.js 1.47 MiB [emitted] (name: main)
  asset main.877efade79112feca81d.hot-update.js 39.8 KiB [emitted] [immutable] [hmr] (name: main)
asset main.877efade79112feca81d.hot-update.json 28 bytes [emitted] [immutable] [hmr]
Entrypoint main 1.51 MiB = bundle.js 1.47 MiB main.877efade79112feca81d.hot-update.js 39.8 KiB
cached modules 1.28 MiB [cached] 49 modules
runtime modules 27.5 KiB 14 modules
./src/App.js 30.7 KiB [built] [code generated]
webpack 5.99.9 compiled successfully in 236 ms
assets by status 1.98 KiB [cached] 1 asset
assets by path *.js 1.51 MiB
  asset bundle.js 1.47 MiB [emitted] (name: main)
  asset main.a538732fc804a3f248d7.hot-update.js 40 KiB [emitted] [immutable] [hmr] (name: main)
asset main.a538732fc804a3f248d7.hot-update.json 28 bytes [emitted] [immutable] [hmr]
Entrypoint main 1.51 MiB = bundle.js 1.47 MiB main.a538732fc804a3f248d7.hot-update.js 40 KiB
cached modules 1.28 MiB [cached] 49 modules
runtime modules 27.5 KiB 14 modules
./src/App.js 30.8 KiB [built] [code generated]
webpack 5.99.9 compiled successfully in 127 ms
assets by status 1.98 KiB [cached] 1 asset
assets by path *.js 1.51 MiB
  asset bundle.js 1.47 MiB [emitted] (name: main)
  asset main.0a9ff5625cb543a2a97a.hot-update.js 40 KiB [emitted] [immutable] [hmr] (name: main)
asset main.0a9ff5625cb543a2a97a.hot-update.json 28 bytes [emitted] [immutable] [hmr]
Entrypoint main 1.51 MiB = bundle.js 1.47 MiB main.0a9ff5625cb543a2a97a.hot-update.js 40 KiB
cached modules 1.28 MiB [cached] 49 modules
runtime modules 27.5 KiB 14 modules
./src/App.js 30.9 KiB [built] [code generated]
webpack 5.99.9 compiled successfully in 103 ms
assets by status 1.98 KiB [cached] 1 asset
assets by path *.js 1.51 MiB
  asset bundle.js 1.47 MiB [emitted] (name: main)
  asset main.21ce88104bb91cb27840.hot-update.js 41.1 KiB [emitted] [immutable] [hmr] (name: main)
asset main.21ce88104bb91cb27840.hot-update.json 28 bytes [emitted] [immutable] [hmr]
Entrypoint main 1.51 MiB = bundle.js 1.47 MiB main.21ce88104bb91cb27840.hot-update.js 41.1 KiB
cached modules 1.28 MiB [cached] 49 modules
runtime modules 27.5 KiB 14 modules
./src/App.js 31.8 KiB [built] [code generated]
webpack 5.99.9 compiled successfully in 93 ms
assets by status 1.98 KiB [cached] 1 asset
assets by path *.js 1.51 MiB
  asset bundle.js 1.47 MiB [emitted] (name: main)
  asset main.c928a8bfa1f6ef3be194.hot-update.js 41.8 KiB [emitted] [immutable] [hmr] (name: main)
asset main.c928a8bfa1f6ef3be194.hot-update.json 28 bytes [emitted] [immutable] [hmr]
Entrypoint main 1.51 MiB = bundle.js 1.47 MiB main.c928a8bfa1f6ef3be194.hot-update.js 41.8 KiB
cached modules 1.28 MiB [cached] 49 modules
runtime modules 27.5 KiB 14 modules
./src/App.js 32.3 KiB [built] [code generated]
webpack 5.99.9 compiled successfully in 165 ms
